// Jest Snapshot v1, https://goo.gl/fbAQLP

exports[`renders correctly 1`] = `
<a
  className="normal"
  href="http://www.intagram.com"
  onMouseEnter={[Function]}
  onMouseLeave={[Function]}
>
  Instagram
</a>
`;
